// Jest Snapshot v1, https://goo.gl/fbAQLP

exports[`<AComp /> renders the component 1`] = `ShallowWrapper {}`;
